
bhakt@Bhakti MINGW64 ~/OneDrive/linux lab/linux-lab- (main)
$ pwd
/c/Users/bhakt/OneDrive/linux lab/linux-lab-

bhakt@Bhakti MINGW64 ~/OneDrive/linux lab/linux-lab- (main)
$ touch first.txt

bhakt@Bhakti MINGW64 ~/OneDrive/linux lab/linux-lab- (main)
$ cd lab1
bash: cd: lab1: No such file or directory

bhakt@Bhakti MINGW64 ~/OneDrive/linux lab/linux-lab- (main)
$ cd ..

bhakt@Bhakti MINGW64 ~/OneDrive/linux lab (main)
$ mkdir components

bhakt@Bhakti MINGW64 ~/OneDrive/linux lab (main)
$ rm first.txt
rm: cannot remove 'first.txt': No such file or directory

bhakt@Bhakti MINGW64 ~/OneDrive/linux lab (main)
$ rm -r foldername
rm: cannot remove 'foldername': No such file or directory

bhakt@Bhakti MINGW64 ~/OneDrive/linux lab (main)
$ rm -r first.txt
rm: cannot remove 'first.txt': No such file or directory

bhakt@Bhakti MINGW64 ~/OneDrive/linux lab (main)
$ cp index.html backup_index.html
cp -r assets/ backup_assets/
cp: cannot stat 'index.html': No such file or directory
cp: cannot stat 'assets/': No such file or directory

bhakt@Bhakti MINGW64 ~/OneDrive/linux lab (main)
$ git init
Initialized empty Git repository in C:/Users/bhakt/OneDrive/linux lab/.git/

bhakt@Bhakti MINGW64 ~/OneDrive/linux lab (master)
$ git add .
warning: adding embedded git repository: linux-lab-
hint: You've added another git repository inside your current repository.
hint: Clones of the outer repository will not contain the contents of
hint: the embedded repository and will not know how to obtain it.
hint: If you meant to add a submodule, use:
hint:
hint:   git submodule add <url> linux-lab-
hint:
hint: If you added this path by mistake, you can remove it from the
hint: index with:
hint:
hint:   git rm --cached linux-lab-
hint:
hint: See "git help submodule" for more information.
hint: Disable this message with "git config set advice.addEmbeddedRepo false" 

bhakt@Bhakti MINGW64 ~/OneDrive/linux lab (master)
$ git commit -m "Initial commit"
Author identity unknown

*** Please tell me who you are.

Run

  git config --global user.email "you@example.com"
  git config --global user.name "Your Name"

to set your account's default identity.
Omit --global to set the identity only in this repository.

fatal: unable to auto-detect email address (got 'bhakt@Bhakti.(none)')        

bhakt@Bhakti MINGW64 ~/OneDrive/linux lab (master)
$ git remote add origin https://github.com/bhakti0801/linux-lab-.git

bhakt@Bhakti MINGW64 ~/OneDrive/linux lab (master)
$ git push -u origin main
error: src refspec main does not match any
error: failed to push some refs to 'https://github.com/bhakti0801/linux-lab-.git'

bhakt@Bhakti MINGW64 ~/OneDrive/linux lab (master)
$ git branch -M main
git push -u origin main
error: src refspec main does not match any
error: failed to push some refs to 'https://github.com/bhakti0801/linux-lab-.git'

bhakt@Bhakti MINGW64 ~/OneDrive/linux lab (main)
$ git add .

bhakt@Bhakti MINGW64 ~/OneDrive/linux lab (main)
$ git commit -m "Your commit message"
Author identity unknown

*** Please tell me who you are.

Run

  git config --global user.email "you@example.com"
  git config --global user.name "Your Name"

to set your account's default identity.
Omit --global to set the identity only in this repository.

fatal: unable to auto-detect email address (got 'bhakt@Bhakti.(none)')        

bhakt@Bhakti MINGW64 ~/OneDrive/linux lab (main)
$ git push
fatal: The current branch main has no upstream branch.
To push the current branch and set the remote as upstream, use

    git push --set-upstream origin main

To have this happen automatically for branches without a tracking
upstream, see 'push.autoSetupRemote' in 'git help config'.


bhakt@Bhakti MINGW64 ~/OneDrive/linux lab (main)
$ git pull
remote: Enumerating objects: 6, done.
remote: Counting objects: 100% (6/6), done.
remote: Compressing objects: 100% (3/3), done.
remote: Total 6 (delta 0), reused 0 (delta 0), pack-reused 0 (from 0)
Unpacking objects: 100% (6/6), 1.75 KiB | 137.00 KiB/s, done.
From https://github.com/bhakti0801/linux-lab-
 * [new branch]      main       -> origin/main
There is no tracking information for the current branch.
Please specify which branch you want to merge with.
See git-pull(1) for details.

    git pull <remote> <branch>

If you wish to set tracking information for this branch you can do so with:   

    git branch --set-upstream-to=origin/<branch> main


bhakt@Bhakti MINGW64 ~/OneDrive/linux lab (main)
$ 'c:/Users/bhakt/OneDrive/linux lab/linux-lab-/myfile.txt'

bhakt@Bhakti MINGW64 ~/OneDrive/linux lab (main)
$

bhakt@Bhakti MINGW64 ~/OneDrive/linux lab (main)
$ 'c:/Users/bhakt/OneDrive/linux lab/linux-lab-/myfile.txt'
